// Jest Snapshot v1, https://goo.gl/fbAQLP

exports[`should render SignInRedirectPage component 1`] = `<div />`;
